<testsuites id="" name="" tests="190" failures="0" skipped="39" errors="0" time="227.181372">
<testsuite name="e2e-tests-fixed.spec.ts" timestamp="2026-09-28T23:02:30.483Z" hostname="Desktop Chrome" tests="38" failures="0" skipped="5" time="110.842" errors="0">
<testcase name="[Desktop] Leben in Deutschland Test App - E2E Tests › Homepage - / › should load homepage with correct title" classname="e2e-tests-fixed.spec.ts" time="2.64">
</testcase>
<testcase name="[Desktop] Leben in Deutschland Test App - E2E Tests › Homepage - / › should display main hero section" classname="e2e-tests-fixed.spec.ts" time="3.117">
</testcase>
<testcase name="[Desktop] Leben in Deutschland Test App - E2E Tests › Homepage - / › should show statistics" classname="e2e-tests-fixed.spec.ts" time="3.161">
</testcase>
<testcase name="[Desktop] Leben in Deutschland Test App - E2E Tests › Homepage - / › should display CTA buttons" classname="e2e-tests-fixed.spec.ts" time="2.939">
</testcase>
<testcase name="[Desktop] Leben in Deutschland Test App - E2E Tests › Homepage - / › should navigate to practice" classname="e2e-tests-fixed.spec.ts" time="3.951">
</testcase>
<testcase name="[Desktop] Leben in Deutschland Test App - E2E Tests › Homepage - / › should navigate to test" classname="e2e-tests-fixed.spec.ts" time="4.491">
</testcase>
<testcase name="[Desktop] Leben in Deutschland Test App - E2E Tests › Practice Page - /practice › should load practice page" classname="e2e-tests-fixed.spec.ts" time="3.708">
</testcase>
<testcase name="[Desktop] Leben in Deutschland Test App - E2E Tests › Practice Page - /practice › should display practice content" classname="e2e-tests-fixed.spec.ts" time="3.582">
</testcase>
<testcase name="[Desktop] Leben in Deutschland Test App - E2E Tests › Practice Page - /practice › should have back button" classname="e2e-tests-fixed.spec.ts" time="3.716">
</testcase>
<testcase name="[Desktop] Leben in Deutschland Test App - E2E Tests › Practice Page - /practice › back button should navigate to home" classname="e2e-tests-fixed.spec.ts" time="3.973">
</testcase>
<testcase name="[Desktop] Leben in Deutschland Test App - E2E Tests › Test Page - /test › should load test page" classname="e2e-tests-fixed.spec.ts" time="5.266">
</testcase>
<testcase name="[Desktop] Leben in Deutschland Test App - E2E Tests › Test Page - /test › should have test configuration" classname="e2e-tests-fixed.spec.ts" time="4.359">
</testcase>
<testcase name="[Desktop] Leben in Deutschland Test App - E2E Tests › Test Page - /test › back button should navigate to home" classname="e2e-tests-fixed.spec.ts" time="3.3">
</testcase>
<testcase name="[Desktop] Leben in Deutschland Test App - E2E Tests › Review Page - /review › should load review page" classname="e2e-tests-fixed.spec.ts" time="2.747">
</testcase>
<testcase name="[Desktop] Leben in Deutschland Test App - E2E Tests › Review Page - /review › should have back button" classname="e2e-tests-fixed.spec.ts" time="2.603">
</testcase>
<testcase name="[Desktop] Leben in Deutschland Test App - E2E Tests › Settings Page - /settings › should load settings page" classname="e2e-tests-fixed.spec.ts" time="2.507">
</testcase>
<testcase name="[Desktop] Leben in Deutschland Test App - E2E Tests › Settings Page - /settings › should have back button" classname="e2e-tests-fixed.spec.ts" time="2.472">
</testcase>
<testcase name="[Desktop] Leben in Deutschland Test App - E2E Tests › Stats Page - /stats › should load stats page" classname="e2e-tests-fixed.spec.ts" time="2.504">
</testcase>
<testcase name="[Desktop] Leben in Deutschland Test App - E2E Tests › Stats Page - /stats › should have back button" classname="e2e-tests-fixed.spec.ts" time="2.222">
</testcase>
<testcase name="[Mobile] Leben in Deutschland Test App - E2E Tests › Homepage - / › should load homepage with correct title" classname="e2e-tests-fixed.spec.ts" time="2.209">
</testcase>
<testcase name="[Mobile] Leben in Deutschland Test App - E2E Tests › Homepage - / › should display main hero section" classname="e2e-tests-fixed.spec.ts" time="2.2">
</testcase>
<testcase name="[Mobile] Leben in Deutschland Test App - E2E Tests › Homepage - / › should show statistics" classname="e2e-tests-fixed.spec.ts" time="2.095">
</testcase>
<testcase name="[Mobile] Leben in Deutschland Test App - E2E Tests › Homepage - / › should display CTA buttons" classname="e2e-tests-fixed.spec.ts" time="2.171">
</testcase>
<testcase name="[Mobile] Leben in Deutschland Test App - E2E Tests › Homepage - / › should navigate to practice" classname="e2e-tests-fixed.spec.ts" time="2.627">
</testcase>
<testcase name="[Mobile] Leben in Deutschland Test App - E2E Tests › Homepage - / › should navigate to test" classname="e2e-tests-fixed.spec.ts" time="3.148">
</testcase>
<testcase name="[Mobile] Leben in Deutschland Test App - E2E Tests › Practice Page - /practice › should load practice page" classname="e2e-tests-fixed.spec.ts" time="3.163">
</testcase>
<testcase name="[Mobile] Leben in Deutschland Test App - E2E Tests › Practice Page - /practice › should display practice content" classname="e2e-tests-fixed.spec.ts" time="2.938">
</testcase>
<testcase name="[Mobile] Leben in Deutschland Test App - E2E Tests › Practice Page - /practice › should have back button" classname="e2e-tests-fixed.spec.ts" time="2.31">
<properties>
<property name="skip" value="">
</property>
</properties>
<skipped>
</skipped>
</testcase>
<testcase name="[Mobile] Leben in Deutschland Test App - E2E Tests › Practice Page - /practice › back button should navigate to home" classname="e2e-tests-fixed.spec.ts" time="2.548">
<properties>
<property name="skip" value="">
</property>
</properties>
<skipped>
</skipped>
</testcase>
<testcase name="[Mobile] Leben in Deutschland Test App - E2E Tests › Test Page - /test › should load test page" classname="e2e-tests-fixed.spec.ts" time="3.751">
</testcase>
<testcase name="[Mobile] Leben in Deutschland Test App - E2E Tests › Test Page - /test › should have test configuration" classname="e2e-tests-fixed.spec.ts" time="3.453">
</testcase>
<testcase name="[Mobile] Leben in Deutschland Test App - E2E Tests › Test Page - /test › back button should navigate to home" classname="e2e-tests-fixed.spec.ts" time="3.825">
</testcase>
<testcase name="[Mobile] Leben in Deutschland Test App - E2E Tests › Review Page - /review › should load review page" classname="e2e-tests-fixed.spec.ts" time="2.517">
</testcase>
<testcase name="[Mobile] Leben in Deutschland Test App - E2E Tests › Review Page - /review › should have back button" classname="e2e-tests-fixed.spec.ts" time="2.047">
<properties>
<property name="skip" value="">
</property>
</properties>
<skipped>
</skipped>
</testcase>
<testcase name="[Mobile] Leben in Deutschland Test App - E2E Tests › Settings Page - /settings › should load settings page" classname="e2e-tests-fixed.spec.ts" time="1.687">
</testcase>
<testcase name="[Mobile] Leben in Deutschland Test App - E2E Tests › Settings Page - /settings › should have back button" classname="e2e-tests-fixed.spec.ts" time="1.913">
<properties>
<property name="skip" value="">
</property>
</properties>
<skipped>
</skipped>
</testcase>
<testcase name="[Mobile] Leben in Deutschland Test App - E2E Tests › Stats Page - /stats › should load stats page" classname="e2e-tests-fixed.spec.ts" time="1.507">
</testcase>
<testcase name="[Mobile] Leben in Deutschland Test App - E2E Tests › Stats Page - /stats › should have back button" classname="e2e-tests-fixed.spec.ts" time="1.475">
<properties>
<property name="skip" value="">
</property>
</properties>
<skipped>
</skipped>
</testcase>
</testsuite>
<testsuite name="e2e-tests-fixed.spec.ts" timestamp="2026-09-28T23:02:30.483Z" hostname="Desktop Firefox" tests="38" failures="0" skipped="5" time="199.687" errors="0">
<testcase name="[Desktop] Leben in Deutschland Test App - E2E Tests › Homepage - / › should load homepage with correct title" classname="e2e-tests-fixed.spec.ts" time="4.365">
</testcase>
<testcase name="[Desktop] Leben in Deutschland Test App - E2E Tests › Homepage - / › should display main hero section" classname="e2e-tests-fixed.spec.ts" time="5.241">
</testcase>
<testcase name="[Desktop] Leben in Deutschland Test App - E2E Tests › Homepage - / › should show statistics" classname="e2e-tests-fixed.spec.ts" time="7.62">
</testcase>
<testcase name="[Desktop] Leben in Deutschland Test App - E2E Tests › Homepage - / › should display CTA buttons" classname="e2e-tests-fixed.spec.ts" time="6.161">
</testcase>
<testcase name="[Desktop] Leben in Deutschland Test App - E2E Tests › Homepage - / › should navigate to practice" classname="e2e-tests-fixed.spec.ts" time="4.904">
</testcase>
<testcase name="[Desktop] Leben in Deutschland Test App - E2E Tests › Homepage - / › should navigate to test" classname="e2e-tests-fixed.spec.ts" time="5.958">
</testcase>
<testcase name="[Desktop] Leben in Deutschland Test App - E2E Tests › Practice Page - /practice › should load practice page" classname="e2e-tests-fixed.spec.ts" time="4.597">
</testcase>
<testcase name="[Desktop] Leben in Deutschland Test App - E2E Tests › Practice Page - /practice › should display practice content" classname="e2e-tests-fixed.spec.ts" time="5.526">
</testcase>
<testcase name="[Desktop] Leben in Deutschland Test App - E2E Tests › Practice Page - /practice › should have back button" classname="e2e-tests-fixed.spec.ts" time="4.84">
</testcase>
<testcase name="[Desktop] Leben in Deutschland Test App - E2E Tests › Practice Page - /practice › back button should navigate to home" classname="e2e-tests-fixed.spec.ts" time="5.21">
</testcase>
<testcase name="[Desktop] Leben in Deutschland Test App - E2E Tests › Test Page - /test › should load test page" classname="e2e-tests-fixed.spec.ts" time="3.796">
</testcase>
<testcase name="[Desktop] Leben in Deutschland Test App - E2E Tests › Test Page - /test › should have test configuration" classname="e2e-tests-fixed.spec.ts" time="4.671">
</testcase>
<testcase name="[Desktop] Leben in Deutschland Test App - E2E Tests › Test Page - /test › back button should navigate to home" classname="e2e-tests-fixed.spec.ts" time="4.595">
</testcase>
<testcase name="[Desktop] Leben in Deutschland Test App - E2E Tests › Review Page - /review › should load review page" classname="e2e-tests-fixed.spec.ts" time="3.829">
</testcase>
<testcase name="[Desktop] Leben in Deutschland Test App - E2E Tests › Review Page - /review › should have back button" classname="e2e-tests-fixed.spec.ts" time="3.424">
</testcase>
<testcase name="[Desktop] Leben in Deutschland Test App - E2E Tests › Settings Page - /settings › should load settings page" classname="e2e-tests-fixed.spec.ts" time="2.97">
</testcase>
<testcase name="[Desktop] Leben in Deutschland Test App - E2E Tests › Settings Page - /settings › should have back button" classname="e2e-tests-fixed.spec.ts" time="3.426">
</testcase>
<testcase name="[Desktop] Leben in Deutschland Test App - E2E Tests › Stats Page - /stats › should load stats page" classname="e2e-tests-fixed.spec.ts" time="4.006">
</testcase>
<testcase name="[Desktop] Leben in Deutschland Test App - E2E Tests › Stats Page - /stats › should have back button" classname="e2e-tests-fixed.spec.ts" time="3.77">
</testcase>
<testcase name="[Mobile] Leben in Deutschland Test App - E2E Tests › Homepage - / › should load homepage with correct title" classname="e2e-tests-fixed.spec.ts" time="3.28">
</testcase>
<testcase name="[Mobile] Leben in Deutschland Test App - E2E Tests › Homepage - / › should display main hero section" classname="e2e-tests-fixed.spec.ts" time="3.283">
</testcase>
<testcase name="[Mobile] Leben in Deutschland Test App - E2E Tests › Homepage - / › should show statistics" classname="e2e-tests-fixed.spec.ts" time="3.606">
</testcase>
<testcase name="[Mobile] Leben in Deutschland Test App - E2E Tests › Homepage - / › should display CTA buttons" classname="e2e-tests-fixed.spec.ts" time="3.651">
</testcase>
<testcase name="[Mobile] Leben in Deutschland Test App - E2E Tests › Homepage - / › should navigate to practice" classname="e2e-tests-fixed.spec.ts" time="4.267">
</testcase>
<testcase name="[Mobile] Leben in Deutschland Test App - E2E Tests › Homepage - / › should navigate to test" classname="e2e-tests-fixed.spec.ts" time="4.213">
</testcase>
<testcase name="[Mobile] Leben in Deutschland Test App - E2E Tests › Practice Page - /practice › should load practice page" classname="e2e-tests-fixed.spec.ts" time="3.679">
</testcase>
<testcase name="[Mobile] Leben in Deutschland Test App - E2E Tests › Practice Page - /practice › should display practice content" classname="e2e-tests-fixed.spec.ts" time="4.211">
</testcase>
<testcase name="[Mobile] Leben in Deutschland Test App - E2E Tests › Practice Page - /practice › should have back button" classname="e2e-tests-fixed.spec.ts" time="3.207">
<properties>
<property name="skip" value="">
</property>
</properties>
<skipped>
</skipped>
</testcase>
<testcase name="[Mobile] Leben in Deutschland Test App - E2E Tests › Practice Page - /practice › back button should navigate to home" classname="e2e-tests-fixed.spec.ts" time="2.852">
<properties>
<property name="skip" value="">
</property>
</properties>
<skipped>
</skipped>
</testcase>
<testcase name="[Mobile] Leben in Deutschland Test App - E2E Tests › Test Page - /test › should load test page" classname="e2e-tests-fixed.spec.ts" time="53.647">
</testcase>
<testcase name="[Mobile] Leben in Deutschland Test App - E2E Tests › Test Page - /test › should have test configuration" classname="e2e-tests-fixed.spec.ts" time="3.058">
</testcase>
<testcase name="[Mobile] Leben in Deutschland Test App - E2E Tests › Test Page - /test › back button should navigate to home" classname="e2e-tests-fixed.spec.ts" time="2.924">
</testcase>
<testcase name="[Mobile] Leben in Deutschland Test App - E2E Tests › Review Page - /review › should load review page" classname="e2e-tests-fixed.spec.ts" time="3.146">
</testcase>
<testcase name="[Mobile] Leben in Deutschland Test App - E2E Tests › Review Page - /review › should have back button" classname="e2e-tests-fixed.spec.ts" time="2.538">
<properties>
<property name="skip" value="">
</property>
</properties>
<skipped>
</skipped>
</testcase>
<testcase name="[Mobile] Leben in Deutschland Test App - E2E Tests › Settings Page - /settings › should load settings page" classname="e2e-tests-fixed.spec.ts" time="2.63">
</testcase>
<testcase name="[Mobile] Leben in Deutschland Test App - E2E Tests › Settings Page - /settings › should have back button" classname="e2e-tests-fixed.spec.ts" time="2.386">
<properties>
<property name="skip" value="">
</property>
</properties>
<skipped>
</skipped>
</testcase>
<testcase name="[Mobile] Leben in Deutschland Test App - E2E Tests › Stats Page - /stats › should load stats page" classname="e2e-tests-fixed.spec.ts" time="2.193">
</testcase>
<testcase name="[Mobile] Leben in Deutschland Test App - E2E Tests › Stats Page - /stats › should have back button" classname="e2e-tests-fixed.spec.ts" time="2.007">
<properties>
<property name="skip" value="">
</property>
</properties>
<skipped>
</skipped>
</testcase>
</testsuite>
<testsuite name="e2e-tests-fixed.spec.ts" timestamp="2026-09-28T23:02:30.483Z" hostname="Desktop Safari" tests="38" failures="0" skipped="12" time="146.484" errors="0">
<testcase name="[Desktop] Leben in Deutschland Test App - E2E Tests › Homepage - / › should load homepage with correct title" classname="e2e-tests-fixed.spec.ts" time="6.337">
</testcase>
<testcase name="[Desktop] Leben in Deutschland Test App - E2E Tests › Homepage - / › should display main hero section" classname="e2e-tests-fixed.spec.ts" time="5.849">
<properties>
<property name="skip" value="Safari has different DOM rendering">
</property>
</properties>
<skipped>
</skipped>
</testcase>
<testcase name="[Desktop] Leben in Deutschland Test App - E2E Tests › Homepage - / › should show statistics" classname="e2e-tests-fixed.spec.ts" time="5.789">
<properties>
<property name="skip" value="Safari has different DOM rendering">
</property>
</properties>
<skipped>
</skipped>
</testcase>
<testcase name="[Desktop] Leben in Deutschland Test App - E2E Tests › Homepage - / › should display CTA buttons" classname="e2e-tests-fixed.spec.ts" time="4.052">
</testcase>
<testcase name="[Desktop] Leben in Deutschland Test App - E2E Tests › Homepage - / › should navigate to practice" classname="e2e-tests-fixed.spec.ts" time="9.092">
</testcase>
<testcase name="[Desktop] Leben in Deutschland Test App - E2E Tests › Homepage - / › should navigate to test" classname="e2e-tests-fixed.spec.ts" time="8.485">
</testcase>
<testcase name="[Desktop] Leben in Deutschland Test App - E2E Tests › Practice Page - /practice › should load practice page" classname="e2e-tests-fixed.spec.ts" time="2.642">
</testcase>
<testcase name="[Desktop] Leben in Deutschland Test App - E2E Tests › Practice Page - /practice › should display practice content" classname="e2e-tests-fixed.spec.ts" time="2.859">
</testcase>
<testcase name="[Desktop] Leben in Deutschland Test App - E2E Tests › Practice Page - /practice › should have back button" classname="e2e-tests-fixed.spec.ts" time="4.018">
</testcase>
<testcase name="[Desktop] Leben in Deutschland Test App - E2E Tests › Practice Page - /practice › back button should navigate to home" classname="e2e-tests-fixed.spec.ts" time="3.838">
<properties>
<property name="skip" value="Safari has navigation timeout issues">
</property>
</properties>
<skipped>
</skipped>
</testcase>
<testcase name="[Desktop] Leben in Deutschland Test App - E2E Tests › Test Page - /test › should load test page" classname="e2e-tests-fixed.spec.ts" time="3.97">
</testcase>
<testcase name="[Desktop] Leben in Deutschland Test App - E2E Tests › Test Page - /test › should have test configuration" classname="e2e-tests-fixed.spec.ts" time="5.768">
</testcase>
<testcase name="[Desktop] Leben in Deutschland Test App - E2E Tests › Test Page - /test › back button should navigate to home" classname="e2e-tests-fixed.spec.ts" time="3.629">
<properties>
<property name="skip" value="Safari has navigation timeout issues">
</property>
</properties>
<skipped>
</skipped>
</testcase>
<testcase name="[Desktop] Leben in Deutschland Test App - E2E Tests › Review Page - /review › should load review page" classname="e2e-tests-fixed.spec.ts" time="3.441">
</testcase>
<testcase name="[Desktop] Leben in Deutschland Test App - E2E Tests › Review Page - /review › should have back button" classname="e2e-tests-fixed.spec.ts" time="4.471">
</testcase>
<testcase name="[Desktop] Leben in Deutschland Test App - E2E Tests › Settings Page - /settings › should load settings page" classname="e2e-tests-fixed.spec.ts" time="3.362">
</testcase>
<testcase name="[Desktop] Leben in Deutschland Test App - E2E Tests › Settings Page - /settings › should have back button" classname="e2e-tests-fixed.spec.ts" time="4.039">
</testcase>
<testcase name="[Desktop] Leben in Deutschland Test App - E2E Tests › Stats Page - /stats › should load stats page" classname="e2e-tests-fixed.spec.ts" time="2.858">
</testcase>
<testcase name="[Desktop] Leben in Deutschland Test App - E2E Tests › Stats Page - /stats › should have back button" classname="e2e-tests-fixed.spec.ts" time="2.782">
</testcase>
<testcase name="[Mobile] Leben in Deutschland Test App - E2E Tests › Homepage - / › should load homepage with correct title" classname="e2e-tests-fixed.spec.ts" time="2.536">
</testcase>
<testcase name="[Mobile] Leben in Deutschland Test App - E2E Tests › Homepage - / › should display main hero section" classname="e2e-tests-fixed.spec.ts" time="2.725">
<properties>
<property name="skip" value="Safari has different DOM rendering">
</property>
</properties>
<skipped>
</skipped>
</testcase>
<testcase name="[Mobile] Leben in Deutschland Test App - E2E Tests › Homepage - / › should show statistics" classname="e2e-tests-fixed.spec.ts" time="2.212">
<properties>
<property name="skip" value="Safari has different DOM rendering">
</property>
</properties>
<skipped>
</skipped>
</testcase>
<testcase name="[Mobile] Leben in Deutschland Test App - E2E Tests › Homepage - / › should display CTA buttons" classname="e2e-tests-fixed.spec.ts" time="3.137">
</testcase>
<testcase name="[Mobile] Leben in Deutschland Test App - E2E Tests › Homepage - / › should navigate to practice" classname="e2e-tests-fixed.spec.ts" time="3.552">
</testcase>
<testcase name="[Mobile] Leben in Deutschland Test App - E2E Tests › Homepage - / › should navigate to test" classname="e2e-tests-fixed.spec.ts" time="3.512">
</testcase>
<testcase name="[Mobile] Leben in Deutschland Test App - E2E Tests › Practice Page - /practice › should load practice page" classname="e2e-tests-fixed.spec.ts" time="3.183">
</testcase>
<testcase name="[Mobile] Leben in Deutschland Test App - E2E Tests › Practice Page - /practice › should display practice content" classname="e2e-tests-fixed.spec.ts" time="3.709">
</testcase>
<testcase name="[Mobile] Leben in Deutschland Test App - E2E Tests › Practice Page - /practice › should have back button" classname="e2e-tests-fixed.spec.ts" time="3.572">
<properties>
<property name="skip" value="">
</property>
</properties>
<skipped>
</skipped>
</testcase>
<testcase name="[Mobile] Leben in Deutschland Test App - E2E Tests › Practice Page - /practice › back button should navigate to home" classname="e2e-tests-fixed.spec.ts" time="4.063">
<properties>
<property name="skip" value="">
</property>
</properties>
<skipped>
</skipped>
</testcase>
<testcase name="[Mobile] Leben in Deutschland Test App - E2E Tests › Test Page - /test › should load test page" classname="e2e-tests-fixed.spec.ts" time="4.112">
</testcase>
<testcase name="[Mobile] Leben in Deutschland Test App - E2E Tests › Test Page - /test › should have test configuration" classname="e2e-tests-fixed.spec.ts" time="3.624">
</testcase>
<testcase name="[Mobile] Leben in Deutschland Test App - E2E Tests › Test Page - /test › back button should navigate to home" classname="e2e-tests-fixed.spec.ts" time="3.302">
<properties>
<property name="skip" value="Safari has navigation timeout issues">
</property>
</properties>
<skipped>
</skipped>
</testcase>
<testcase name="[Mobile] Leben in Deutschland Test App - E2E Tests › Review Page - /review › should load review page" classname="e2e-tests-fixed.spec.ts" time="2.633">
</testcase>
<testcase name="[Mobile] Leben in Deutschland Test App - E2E Tests › Review Page - /review › should have back button" classname="e2e-tests-fixed.spec.ts" time="2.029">
<properties>
<property name="skip" value="">
</property>
</properties>
<skipped>
</skipped>
</testcase>
<testcase name="[Mobile] Leben in Deutschland Test App - E2E Tests › Settings Page - /settings › should load settings page" classname="e2e-tests-fixed.spec.ts" time="3.143">
</testcase>
<testcase name="[Mobile] Leben in Deutschland Test App - E2E Tests › Settings Page - /settings › should have back button" classname="e2e-tests-fixed.spec.ts" time="2.959">
<properties>
<property name="skip" value="">
</property>
</properties>
<skipped>
</skipped>
</testcase>
<testcase name="[Mobile] Leben in Deutschland Test App - E2E Tests › Stats Page - /stats › should load stats page" classname="e2e-tests-fixed.spec.ts" time="2.745">
</testcase>
<testcase name="[Mobile] Leben in Deutschland Test App - E2E Tests › Stats Page - /stats › should have back button" classname="e2e-tests-fixed.spec.ts" time="2.455">
<properties>
<property name="skip" value="">
</property>
</properties>
<skipped>
</skipped>
</testcase>
</testsuite>
<testsuite name="e2e-tests-fixed.spec.ts" timestamp="2026-09-28T23:02:30.483Z" hostname="Mobile Chrome" tests="38" failures="0" skipped="5" time="154.672" errors="0">
<testcase name="[Desktop] Leben in Deutschland Test App - E2E Tests › Homepage - / › should load homepage with correct title" classname="e2e-tests-fixed.spec.ts" time="3.328">
</testcase>
<testcase name="[Desktop] Leben in Deutschland Test App - E2E Tests › Homepage - / › should display main hero section" classname="e2e-tests-fixed.spec.ts" time="3.076">
</testcase>
<testcase name="[Desktop] Leben in Deutschland Test App - E2E Tests › Homepage - / › should show statistics" classname="e2e-tests-fixed.spec.ts" time="2.839">
</testcase>
<testcase name="[Desktop] Leben in Deutschland Test App - E2E Tests › Homepage - / › should display CTA buttons" classname="e2e-tests-fixed.spec.ts" time="4.203">
</testcase>
<testcase name="[Desktop] Leben in Deutschland Test App - E2E Tests › Homepage - / › should navigate to practice" classname="e2e-tests-fixed.spec.ts" time="5.27">
</testcase>
<testcase name="[Desktop] Leben in Deutschland Test App - E2E Tests › Homepage - / › should navigate to test" classname="e2e-tests-fixed.spec.ts" time="7.719">
</testcase>
<testcase name="[Desktop] Leben in Deutschland Test App - E2E Tests › Practice Page - /practice › should load practice page" classname="e2e-tests-fixed.spec.ts" time="4.556">
</testcase>
<testcase name="[Desktop] Leben in Deutschland Test App - E2E Tests › Practice Page - /practice › should display practice content" classname="e2e-tests-fixed.spec.ts" time="5.247">
</testcase>
<testcase name="[Desktop] Leben in Deutschland Test App - E2E Tests › Practice Page - /practice › should have back button" classname="e2e-tests-fixed.spec.ts" time="4.847">
</testcase>
<testcase name="[Desktop] Leben in Deutschland Test App - E2E Tests › Practice Page - /practice › back button should navigate to home" classname="e2e-tests-fixed.spec.ts" time="4.419">
</testcase>
<testcase name="[Desktop] Leben in Deutschland Test App - E2E Tests › Test Page - /test › should load test page" classname="e2e-tests-fixed.spec.ts" time="7.476">
</testcase>
<testcase name="[Desktop] Leben in Deutschland Test App - E2E Tests › Test Page - /test › should have test configuration" classname="e2e-tests-fixed.spec.ts" time="9.57">
</testcase>
<testcase name="[Desktop] Leben in Deutschland Test App - E2E Tests › Test Page - /test › back button should navigate to home" classname="e2e-tests-fixed.spec.ts" time="5.04">
</testcase>
<testcase name="[Desktop] Leben in Deutschland Test App - E2E Tests › Review Page - /review › should load review page" classname="e2e-tests-fixed.spec.ts" time="4.381">
</testcase>
<testcase name="[Desktop] Leben in Deutschland Test App - E2E Tests › Review Page - /review › should have back button" classname="e2e-tests-fixed.spec.ts" time="3.166">
</testcase>
<testcase name="[Desktop] Leben in Deutschland Test App - E2E Tests › Settings Page - /settings › should load settings page" classname="e2e-tests-fixed.spec.ts" time="2.433">
</testcase>
<testcase name="[Desktop] Leben in Deutschland Test App - E2E Tests › Settings Page - /settings › should have back button" classname="e2e-tests-fixed.spec.ts" time="3.041">
</testcase>
<testcase name="[Desktop] Leben in Deutschland Test App - E2E Tests › Stats Page - /stats › should load stats page" classname="e2e-tests-fixed.spec.ts" time="2.746">
</testcase>
<testcase name="[Desktop] Leben in Deutschland Test App - E2E Tests › Stats Page - /stats › should have back button" classname="e2e-tests-fixed.spec.ts" time="2.95">
</testcase>
<testcase name="[Mobile] Leben in Deutschland Test App - E2E Tests › Homepage - / › should load homepage with correct title" classname="e2e-tests-fixed.spec.ts" time="2.529">
</testcase>
<testcase name="[Mobile] Leben in Deutschland Test App - E2E Tests › Homepage - / › should display main hero section" classname="e2e-tests-fixed.spec.ts" time="2.769">
</testcase>
<testcase name="[Mobile] Leben in Deutschland Test App - E2E Tests › Homepage - / › should show statistics" classname="e2e-tests-fixed.spec.ts" time="2.653">
</testcase>
<testcase name="[Mobile] Leben in Deutschland Test App - E2E Tests › Homepage - / › should display CTA buttons" classname="e2e-tests-fixed.spec.ts" time="2.567">
</testcase>
<testcase name="[Mobile] Leben in Deutschland Test App - E2E Tests › Homepage - / › should navigate to practice" classname="e2e-tests-fixed.spec.ts" time="2.81">
</testcase>
<testcase name="[Mobile] Leben in Deutschland Test App - E2E Tests › Homepage - / › should navigate to test" classname="e2e-tests-fixed.spec.ts" time="7.665">
</testcase>
<testcase name="[Mobile] Leben in Deutschland Test App - E2E Tests › Practice Page - /practice › should load practice page" classname="e2e-tests-fixed.spec.ts" time="3.424">
</testcase>
<testcase name="[Mobile] Leben in Deutschland Test App - E2E Tests › Practice Page - /practice › should display practice content" classname="e2e-tests-fixed.spec.ts" time="3.156">
</testcase>
<testcase name="[Mobile] Leben in Deutschland Test App - E2E Tests › Practice Page - /practice › should have back button" classname="e2e-tests-fixed.spec.ts" time="2.959">
<properties>
<property name="skip" value="">
</property>
</properties>
<skipped>
</skipped>
</testcase>
<testcase name="[Mobile] Leben in Deutschland Test App - E2E Tests › Practice Page - /practice › back button should navigate to home" classname="e2e-tests-fixed.spec.ts" time="3.852">
<properties>
<property name="skip" value="">
</property>
</properties>
<skipped>
</skipped>
</testcase>
<testcase name="[Mobile] Leben in Deutschland Test App - E2E Tests › Test Page - /test › should load test page" classname="e2e-tests-fixed.spec.ts" time="7.519">
</testcase>
<testcase name="[Mobile] Leben in Deutschland Test App - E2E Tests › Test Page - /test › should have test configuration" classname="e2e-tests-fixed.spec.ts" time="6.875">
</testcase>
<testcase name="[Mobile] Leben in Deutschland Test App - E2E Tests › Test Page - /test › back button should navigate to home" classname="e2e-tests-fixed.spec.ts" time="6.577">
</testcase>
<testcase name="[Mobile] Leben in Deutschland Test App - E2E Tests › Review Page - /review › should load review page" classname="e2e-tests-fixed.spec.ts" time="2.648">
</testcase>
<testcase name="[Mobile] Leben in Deutschland Test App - E2E Tests › Review Page - /review › should have back button" classname="e2e-tests-fixed.spec.ts" time="2.391">
<properties>
<property name="skip" value="">
</property>
</properties>
<skipped>
</skipped>
</testcase>
<testcase name="[Mobile] Leben in Deutschland Test App - E2E Tests › Settings Page - /settings › should load settings page" classname="e2e-tests-fixed.spec.ts" time="1.972">
</testcase>
<testcase name="[Mobile] Leben in Deutschland Test App - E2E Tests › Settings Page - /settings › should have back button" classname="e2e-tests-fixed.spec.ts" time="2.105">
<properties>
<property name="skip" value="">
</property>
</properties>
<skipped>
</skipped>
</testcase>
<testcase name="[Mobile] Leben in Deutschland Test App - E2E Tests › Stats Page - /stats › should load stats page" classname="e2e-tests-fixed.spec.ts" time="2.025">
</testcase>
<testcase name="[Mobile] Leben in Deutschland Test App - E2E Tests › Stats Page - /stats › should have back button" classname="e2e-tests-fixed.spec.ts" time="1.869">
<properties>
<property name="skip" value="">
</property>
</properties>
<skipped>
</skipped>
</testcase>
</testsuite>
<testsuite name="e2e-tests-fixed.spec.ts" timestamp="2026-09-28T23:02:30.483Z" hostname="Mobile Safari" tests="38" failures="0" skipped="12" time="214.371" errors="0">
<testcase name="[Desktop] Leben in Deutschland Test App - E2E Tests › Homepage - / › should load homepage with correct title" classname="e2e-tests-fixed.spec.ts" time="4.962">
</testcase>
<testcase name="[Desktop] Leben in Deutschland Test App - E2E Tests › Homepage - / › should display main hero section" classname="e2e-tests-fixed.spec.ts" time="3.629">
<properties>
<property name="skip" value="Safari has different DOM rendering">
</property>
</properties>
<skipped>
</skipped>
</testcase>
<testcase name="[Desktop] Leben in Deutschland Test App - E2E Tests › Homepage - / › should show statistics" classname="e2e-tests-fixed.spec.ts" time="4.195">
<properties>
<property name="skip" value="Safari has different DOM rendering">
</property>
</properties>
<skipped>
</skipped>
</testcase>
<testcase name="[Desktop] Leben in Deutschland Test App - E2E Tests › Homepage - / › should display CTA buttons" classname="e2e-tests-fixed.spec.ts" time="6.717">
</testcase>
<testcase name="[Desktop] Leben in Deutschland Test App - E2E Tests › Homepage - / › should navigate to practice" classname="e2e-tests-fixed.spec.ts" time="9.897">
</testcase>
<testcase name="[Desktop] Leben in Deutschland Test App - E2E Tests › Homepage - / › should navigate to test" classname="e2e-tests-fixed.spec.ts" time="8.169">
</testcase>
<testcase name="[Desktop] Leben in Deutschland Test App - E2E Tests › Practice Page - /practice › should load practice page" classname="e2e-tests-fixed.spec.ts" time="5.817">
</testcase>
<testcase name="[Desktop] Leben in Deutschland Test App - E2E Tests › Practice Page - /practice › should display practice content" classname="e2e-tests-fixed.spec.ts" time="9.329">
</testcase>
<testcase name="[Desktop] Leben in Deutschland Test App - E2E Tests › Practice Page - /practice › should have back button" classname="e2e-tests-fixed.spec.ts" time="9.663">
</testcase>
<testcase name="[Desktop] Leben in Deutschland Test App - E2E Tests › Practice Page - /practice › back button should navigate to home" classname="e2e-tests-fixed.spec.ts" time="7.112">
<properties>
<property name="skip" value="Safari has navigation timeout issues">
</property>
</properties>
<skipped>
</skipped>
</testcase>
<testcase name="[Desktop] Leben in Deutschland Test App - E2E Tests › Test Page - /test › should load test page" classname="e2e-tests-fixed.spec.ts" time="11.154">
</testcase>
<testcase name="[Desktop] Leben in Deutschland Test App - E2E Tests › Test Page - /test › should have test configuration" classname="e2e-tests-fixed.spec.ts" time="11.895">
</testcase>
<testcase name="[Desktop] Leben in Deutschland Test App - E2E Tests › Test Page - /test › back button should navigate to home" classname="e2e-tests-fixed.spec.ts" time="12.097">
<properties>
<property name="skip" value="Safari has navigation timeout issues">
</property>
</properties>
<skipped>
</skipped>
</testcase>
<testcase name="[Desktop] Leben in Deutschland Test App - E2E Tests › Review Page - /review › should load review page" classname="e2e-tests-fixed.spec.ts" time="6.653">
</testcase>
<testcase name="[Desktop] Leben in Deutschland Test App - E2E Tests › Review Page - /review › should have back button" classname="e2e-tests-fixed.spec.ts" time="5.713">
</testcase>
<testcase name="[Desktop] Leben in Deutschland Test App - E2E Tests › Settings Page - /settings › should load settings page" classname="e2e-tests-fixed.spec.ts" time="5.36">
</testcase>
<testcase name="[Desktop] Leben in Deutschland Test App - E2E Tests › Settings Page - /settings › should have back button" classname="e2e-tests-fixed.spec.ts" time="6.326">
</testcase>
<testcase name="[Desktop] Leben in Deutschland Test App - E2E Tests › Stats Page - /stats › should load stats page" classname="e2e-tests-fixed.spec.ts" time="4.498">
</testcase>
<testcase name="[Desktop] Leben in Deutschland Test App - E2E Tests › Stats Page - /stats › should have back button" classname="e2e-tests-fixed.spec.ts" time="4.112">
</testcase>
<testcase name="[Mobile] Leben in Deutschland Test App - E2E Tests › Homepage - / › should load homepage with correct title" classname="e2e-tests-fixed.spec.ts" time="3.523">
</testcase>
<testcase name="[Mobile] Leben in Deutschland Test App - E2E Tests › Homepage - / › should display main hero section" classname="e2e-tests-fixed.spec.ts" time="2.997">
<properties>
<property name="skip" value="Safari has different DOM rendering">
</property>
</properties>
<skipped>
</skipped>
</testcase>
<testcase name="[Mobile] Leben in Deutschland Test App - E2E Tests › Homepage - / › should show statistics" classname="e2e-tests-fixed.spec.ts" time="2.257">
<properties>
<property name="skip" value="Safari has different DOM rendering">
</property>
</properties>
<skipped>
</skipped>
</testcase>
<testcase name="[Mobile] Leben in Deutschland Test App - E2E Tests › Homepage - / › should display CTA buttons" classname="e2e-tests-fixed.spec.ts" time="4.608">
</testcase>
<testcase name="[Mobile] Leben in Deutschland Test App - E2E Tests › Homepage - / › should navigate to practice" classname="e2e-tests-fixed.spec.ts" time="5.634">
</testcase>
<testcase name="[Mobile] Leben in Deutschland Test App - E2E Tests › Homepage - / › should navigate to test" classname="e2e-tests-fixed.spec.ts" time="7.45">
</testcase>
<testcase name="[Mobile] Leben in Deutschland Test App - E2E Tests › Practice Page - /practice › should load practice page" classname="e2e-tests-fixed.spec.ts" time="5.114">
</testcase>
<testcase name="[Mobile] Leben in Deutschland Test App - E2E Tests › Practice Page - /practice › should display practice content" classname="e2e-tests-fixed.spec.ts" time="4.075">
</testcase>
<testcase name="[Mobile] Leben in Deutschland Test App - E2E Tests › Practice Page - /practice › should have back button" classname="e2e-tests-fixed.spec.ts" time="4.437">
<properties>
<property name="skip" value="">
</property>
</properties>
<skipped>
</skipped>
</testcase>
<testcase name="[Mobile] Leben in Deutschland Test App - E2E Tests › Practice Page - /practice › back button should navigate to home" classname="e2e-tests-fixed.spec.ts" time="4.007">
<properties>
<property name="skip" value="">
</property>
</properties>
<skipped>
</skipped>
</testcase>
<testcase name="[Mobile] Leben in Deutschland Test App - E2E Tests › Test Page - /test › should load test page" classname="e2e-tests-fixed.spec.ts" time="5.629">
</testcase>
<testcase name="[Mobile] Leben in Deutschland Test App - E2E Tests › Test Page - /test › should have test configuration" classname="e2e-tests-fixed.spec.ts" time="4.731">
</testcase>
<testcase name="[Mobile] Leben in Deutschland Test App - E2E Tests › Test Page - /test › back button should navigate to home" classname="e2e-tests-fixed.spec.ts" time="4.518">
<properties>
<property name="skip" value="Safari has navigation timeout issues">
</property>
</properties>
<skipped>
</skipped>
</testcase>
<testcase name="[Mobile] Leben in Deutschland Test App - E2E Tests › Review Page - /review › should load review page" classname="e2e-tests-fixed.spec.ts" time="3.752">
</testcase>
<testcase name="[Mobile] Leben in Deutschland Test App - E2E Tests › Review Page - /review › should have back button" classname="e2e-tests-fixed.spec.ts" time="3.019">
<properties>
<property name="skip" value="">
</property>
</properties>
<skipped>
</skipped>
</testcase>
<testcase name="[Mobile] Leben in Deutschland Test App - E2E Tests › Settings Page - /settings › should load settings page" classname="e2e-tests-fixed.spec.ts" time="2.611">
</testcase>
<testcase name="[Mobile] Leben in Deutschland Test App - E2E Tests › Settings Page - /settings › should have back button" classname="e2e-tests-fixed.spec.ts" time="3.215">
<properties>
<property name="skip" value="">
</property>
</properties>
<skipped>
</skipped>
</testcase>
<testcase name="[Mobile] Leben in Deutschland Test App - E2E Tests › Stats Page - /stats › should load stats page" classname="e2e-tests-fixed.spec.ts" time="3.346">
</testcase>
<testcase name="[Mobile] Leben in Deutschland Test App - E2E Tests › Stats Page - /stats › should have back button" classname="e2e-tests-fixed.spec.ts" time="2.15">
<properties>
<property name="skip" value="">
</property>
</properties>
<skipped>
</skipped>
</testcase>
</testsuite>
</testsuites>